src/components/CombatArena.tsx(345,33): error TS2322: Type '{ idle: { x: number; scale: number; filter: string; }; attack: { x: number[]; transition: { duration: number; ease: string; }; }; skill_charge: { filter: string[]; transition: { duration: number; repeat: number; }; }; hit: { ...; }; }' is not assignable to type 'Variants'.
  Property 'attack' is incompatible with index signature.
    Type '{ x: number[]; transition: { duration: number; ease: string; }; }' is not assignable to type 'Variant'.
      Type '{ x: number[]; transition: { duration: number; ease: string; }; }' is not assignable to type 'TargetAndTransition'.
        Type '{ x: number[]; transition: { duration: number; ease: string; }; }' is not assignable to type '{ transition?: Transition<any> | undefined; transitionEnd?: ResolvedValues$1 | undefined; }'.
          Types of property 'transition' are incompatible.
            Type '{ duration: number; ease: string; }' is not assignable to type 'Transition<any> | undefined'.
              Type '{ duration: number; ease: string; }' is not assignable to type 'TransitionWithValueOverrides<any>'.
                Type '{ duration: number; ease: string; }' is not assignable to type 'ValueAnimationTransition<any>'.
                  Types of property 'ease' are incompatible.
                    Type 'string' is not assignable to type 'Easing | Easing[] | undefined'.
src/components/CombatArena.tsx(358,33): error TS2322: Type '{ idle: { x: number; scale: number; filter: string; }; attack: { x: number[]; transition: { duration: number; ease: string; }; }; hit: { x: number[]; filter: string[]; transition: { duration: number; }; }; }' is not assignable to type 'Variants'.
  Property 'attack' is incompatible with index signature.
    Type '{ x: number[]; transition: { duration: number; ease: string; }; }' is not assignable to type 'Variant'.
      Type '{ x: number[]; transition: { duration: number; ease: string; }; }' is not assignable to type 'TargetAndTransition'.
        Type '{ x: number[]; transition: { duration: number; ease: string; }; }' is not assignable to type '{ transition?: Transition<any> | undefined; transitionEnd?: ResolvedValues$1 | undefined; }'.
          Types of property 'transition' are incompatible.
            Type '{ duration: number; ease: string; }' is not assignable to type 'Transition<any> | undefined'.
              Type '{ duration: number; ease: string; }' is not assignable to type 'TransitionWithValueOverrides<any>'.
                Type '{ duration: number; ease: string; }' is not assignable to type 'ValueAnimationTransition<any>'.
                  Types of property 'ease' are incompatible.
                    Type 'string' is not assignable to type 'Easing | Easing[] | undefined'.
